// Jest Snapshot v1, https://goo.gl/fbAQLP

exports[`RowCard Component matches snapshot 1`] = `
<View
  style={
    {
      "alignItems": "center",
      "flexDirection": "row",
      "justifyContent": "space-between",
      "paddingHorizontal": 16,
      "paddingVertical": 8,
      "width": "100%",
    }
  }
>
  <Text
    style={
      {
        "color": "#000000",
        "fontSize": 14,
        "fontWeight": "bold",
      }
    }
  >
    Humidity
  </Text>
  <Text
    style={
      {
        "color": "#2388C7",
        "fontSize": 20,
        "fontWeight": "bold",
      }
    }
  >
    60%
  </Text>
</View>
`;
